C51 COMPILER V9.60.0.0   DISP                                                              06/24/2023 12:55:00 PAGE 1   


C51 COMPILER V9.60.0.0, COMPILATION OF MODULE DISP
OBJECT MODULE PLACED IN .\output\Disp.obj
COMPILER INVOKED BY: D:\Keil_v5\C51\BIN\C51.EXE source\Disp.c LARGE OMF2 OPTIMIZE(8,SPEED) BROWSE INCDIR(.\include;.\sou
                    -rce;.\include) DEBUG PRINT(.\lst\Disp.lst) TABS(2) OBJECT(.\output\Disp.obj)

line level    source

   1          #include "stdlib.h"
   2          #include "stdio.h"
   3          //#include "main.h"
   4          #include "string.h"
   5          #include "Disp.h"
   6          #include "include/ca51f_config.h" 
   7          
   8           uint8_t                  lcd_ram[34];
   9          
  10          
  11          #ifdef LCD_DRV
              /* 
              #define seg_a                       0x01
              #define seg_b                       0x20
              #define seg_c                       0x80
              #define seg_d                       0x08
              #define seg_e                       0x04
              #define seg_f                       0x02
              #define seg_g                       0x40
              
              static uint8_t                  lcd_ram[34]               = {0};
              
              
              static uint8_t            DispLcdTableNum[]        = {
                seg_a+seg_b+seg_c+seg_d+seg_e+seg_f,              //0 
                seg_b+seg_c,                                      //1
                seg_a+seg_b+seg_g+seg_e+seg_d,                    //2
                seg_a+seg_b+seg_c+seg_d+seg_g,                    //3
                seg_f+seg_g+seg_b+seg_c,                          //4
                seg_a+seg_f+seg_g+seg_c+seg_d,                    //5
                seg_a+seg_f+seg_e+seg_d+seg_c+seg_g,              //6
                seg_a+seg_b+seg_c,                                //7
                seg_a+seg_b+seg_c+seg_d+seg_e+seg_f+seg_g,        //8
                seg_a+seg_b+seg_c+seg_d+seg_f+seg_g,              //9
              };
               */
               /*万年历湿度数码管*/
              const  uint8_t            DispLcdTableNum[]        = {
                0xaf,      //0 
                0xa0,        //1
                0x6d,        //2
                0xe9,        //3
                0xe2,        //4
                0xcb,        //5
                0xcf,        //6
                0xa1,        //7
                0xef,        //8
                0xeb,        //9
              };
              
              /*
              #define seg_a                       0x80
              #define seg_b                       0x08
              #define seg_c                       0x02
C51 COMPILER V9.60.0.0   DISP                                                              06/24/2023 12:55:00 PAGE 2   

              #define seg_d                       0x10
              #define seg_e                       0x20
              #define seg_f                       0x40
              #define seg_g                       0x04
              
              static uint8_t            DispLcdTableNumTemp[]        = {
                seg_a+seg_b+seg_c+seg_d+seg_e+seg_f,              //0 
                seg_b+seg_c,                                      //1
                seg_a+seg_b+seg_g+seg_e+seg_d,                    //2
                seg_a+seg_b+seg_c+seg_d+seg_g,                    //3
                seg_f+seg_g+seg_b+seg_c,                          //4
                seg_a+seg_f+seg_g+seg_c+seg_d,                    //5
                seg_a+seg_f+seg_e+seg_d+seg_c+seg_g,              //6
                seg_a+seg_b+seg_c,                                //7
                seg_a+seg_b+seg_c+seg_d+seg_e+seg_f+seg_g,        //8
                seg_a+seg_b+seg_c+seg_d+seg_f+seg_g,              //9
              };
              */
              
              
              /*温度特殊数码管*/
              const uint8_t            DispLcdTableNumTemp[]        = {
                0xfa,      //0 
                0x0a,        //1
                0xbc,        //2
                0x9e,        //3
                0x4e,        //4
                0xd6,        //5
                0xf6,        //6
                0x8a,        //7
                0xfe,        //8
                0xde,        //9
              };
              
              
              /*****************************************************************************
               ** \brief   UpdateNixieTubeRAM1
                     UpdateNixieTubeRAM2
                     将数据转换成数码管缓存数据
                    // SEG1 INDEX 1 时 十位   addr=1
                    // SEG2 INDEX 2 时 十位
                    // SEG3 INDEX 3 时 个位   addr=3
                    // SEG3 INDEX 4 时 个位
               ** \param   [in] none       
               ** \return   none
              *****************************************************************************/
              void UpdateNixieTubeRAM1(char buffer,char addr){
                    lcd_ram[addr]                                 =0x0f&DispLcdTableNum[buffer];
                    lcd_ram[addr+1]                               =0x0f&DispLcdTableNum[buffer]>>4;
              //    printf("addr %#x\n",d[addr]);
              //    printf("addr++ %#x\n",d[addr+1]); 
              }
              void UpdateNixieTubeRAM2(char buffer,char addr){
                    lcd_ram[addr]                                 =0x0f&DispLcdTableNumTemp[buffer];
                    lcd_ram[addr+1]                               =0x0f&DispLcdTableNumTemp[buffer]>>4;
              //    printf("addr %#x\n",d[addr]);
              //    printf("addr++ %#x\n",d[addr+1]); 
              }
              
              
              void DispLcdUpdate(uint8_t *mBufL1){
              
C51 COMPILER V9.60.0.0   DISP                                                              06/24/2023 12:55:00 PAGE 3   

              }
              
              
              #endif
 121          


MODULE INFORMATION:   STATIC OVERLAYABLE
   CODE SIZE        =   ----    ----
   CONSTANT SIZE    =   ----    ----
   XDATA SIZE       =     34    ----
   PDATA SIZE       =   ----    ----
   DATA SIZE        =   ----    ----
   IDATA SIZE       =   ----    ----
   BIT SIZE         =   ----    ----
   EDATA SIZE       =   ----    ----
   HDATA SIZE       =   ----    ----
   XDATA CONST SIZE =   ----    ----
   FAR CONST SIZE   =   ----    ----
END OF MODULE INFORMATION.


C51 COMPILATION COMPLETE.  0 WARNING(S),  0 ERROR(S)
